Error: 404 NOT_FOUND. {'error': {'code': 404, 'message': 'This model models/gemini-2.0-flash is no longer available to new users. Please update your code to use a newer model for the latest features and improvements.', 'status': 'NOT_FOUND'}}
 if hasattr(m, "__path__")
       ~~~~~~~^^^^^^^^^^^^^^^
  File "C:\Users\thoutaa\Downloads\Databases Final Project\SlideChat\venv\Lib\site-packages\transformers\__init__.py", line 843, in _getattr
    return getattr(importlib.import_module(target, __name__), new_name)
                   ~~~~~~~~~~~~~~~~~~~~~~~^^^^^^^^^^^^^^^^^^
  File "C:\Users\thoutaa\AppData\Local\Programs\Python\Python313\Lib\importlib\__init__.py", line 88, in import_module
    return _bootstrap._gcd_import(name[level:], package, level)
           ~~~~~~~~~~~~~~~~~~~~~~^^^^^^^^^^^^^^^^^^^^^^^^^^^^^^
  File "<frozen importlib._bootstrap>", line 1387, in _gcd_import
  File "<frozen importlib._bootstrap>", line 1360, in _find_and_load
  File "<frozen importlib._bootstrap>", line 1331, in _find_and_load_unlocked
  File "<frozen importlib._bootstrap>", line 935, in _load_unlocked
  File "<frozen importlib._bootstrap_external>", line 1026, in exec_module
  File "<frozen importlib._bootstrap>", line 488, in _call_with_frames_removed
  File "C:\Users\thoutaa\Downloads\Databases Final Project\SlideChat\venv\Lib\site-packages\transformers\models\ovis2\image_processing_ovis2.py", line 19, in <module>
    from torchvision.transforms.v2 import functional as tvF
ModuleNotFoundError: No module named 'torchvision'
Accessing `__path__` from `.models.ovis2.image_processing_pil_ovis2`. Returning `__path__` instead. Behavior may be different and this alias will be removed in future versions.
Accessing `__path__` from `.models.owlv2.image_processing_owlv2`. Returning `__path__` instead. Behavior may be different and this alias will be removed in future versions.
2026-04-18 15:59:56.061 Examining the path of transformers.models.owlv2.image_processing_owlv2_fast raised:
Traceback (most recent call last):
  File "C:\Users\thoutaa\Downloads\Databases Final Project\SlideChat\venv\Lib\site-packages\streamlit\watcher\local_sources_watcher.py", line 281, in get_module_paths
    potential_paths = extract_paths(module)
  File "C:\Users\thoutaa\Downloads\Databases Final Project\SlideChat\venv\Lib\site-packages\streamlit\watcher\local_sources_watcher.py", line 268, in <lambda>
    if hasattr(m, "__path__")
       ~~~~~~~^^^^^^^^^^^^^^^
  File "C:\Users\thoutaa\Downloads\Databases Final Project\SlideChat\venv\Lib\site-packages\transformers\__init__.py", line 843, in _getattr
    return getattr(importlib.import_module(target, __name__), new_name)
                   ~~~~~~~~~~~~~~~~~~~~~~~^^^^^^^^^^^^^^^^^^
  File "C:\Users\thoutaa\AppData\Local\Programs\Python\Python313\Lib\importlib\__init__.py", line 88, in import_module
    return _bootstrap._gcd_import(name[level:], package, level)
           ~~~~~~~~~~~~~~~~~~~~~~^^^^^^^^^^^^^^^^^^^^^^^^^^^^^^
  File "<frozen importlib._bootstrap>", line 1387, in _gcd_import
  File "<frozen importlib._bootstrap>", line 1360, in _find_and_load
  File "<frozen importlib._bootstrap>", line 1331, in _find_and_load_unlocked
  File "<frozen importlib._bootstrap>", line 935, in _load_unlocked
  File "<frozen importlib._bootstrap_external>", line 1026, in exec_module
  File "<frozen importlib._bootstrap>", line 488, in _call_with_frames_removed
  File "C:\Users\thoutaa\Downloads\Databases Final Project\SlideChat\venv\Lib\site-packages\transformers\models\owlv2\image_processing_owlv2.py", line 25, in <module>
    import torchvision.transforms.v2.functional as tvF
ModuleNotFoundError: No module named 'torchvision'
Accessing `__path__` from `.models.owlv2.image_processing_pil_owlv2`. Returning `__path__` instead. Behavior may be different and this alias will be removed in future versions.
Accessing `__path__` from `.models.owlvit.image_processing_owlvit`. Returning `__path__` instead. Behavior may be different and this alias will be removed in future versions.
Accessing `__path__` from `.models.owlvit.image_processing_pil_owlvit`. Returning `__path__` instead. Behavior may be different and this alias will be removed in future versions.
Accessing `__path__` from `.models.paddleocr_vl.image_processing_paddleocr_vl`. Returning `__path__` instead. Behavior may be different and this alias will be removed in future versions.
Accessing `__path__` from `.models.paddleocr_vl.image_processing_pil_paddleocr_vl`. Returning `__path__` instead. Behavior may be different and this alias will be removed in future versions.
Accessing `__path__` from `.models.perceiver.image_processing_perceiver`. Returning `__path__` instead. Behavior may be different and this alias will be removed in future versions.
2026-04-18 15:59:56.066 Examining the path of transformers.models.perceiver.image_processing_perceiver_fast raised:
Traceback (most recent call last):
  File "C:\Users\thoutaa\Downloads\Databases Final Project\SlideChat\venv\Lib\site-packages\streamlit\watcher\local_sources_watcher.py", line 281, in get_module_paths
    potential_paths = extract_paths(module)
  File "C:\Users\thoutaa\Downloads\Databases Final Project\SlideChat\venv\Lib\site-packages\streamlit\watcher\local_sources_watcher.py", line 268, in <lambda>
    if hasattr(m, "__path__")
       ~~~~~~~^^^^^^^^^^^^^^^
  File "C:\Users\thoutaa\Downloads\Databases Final Project\SlideChat\venv\Lib\site-packages\transformers\__init__.py", line 843, in _getattr
    return getattr(importlib.import_module(target, __name__), new_name)
                   ~~~~~~~~~~~~~~~~~~~~~~~^^^^^^^^^^^^^^^^^^
  File "C:\Users\thoutaa\AppData\Local\Programs\Python\Python313\Lib\importlib\__init__.py", line 88, in import_module
    return _bootstrap._gcd_import(name[level:], package, level)
           ~~~~~~~~~~~~~~~~~~~~~~^^^^^^^^^^^^^^^^^^^^^^^^^^^^^^
  File "<frozen importlib._bootstrap>", line 1387, in _gcd_import
  File "<frozen importlib._bootstrap>", line 1360, in _find_and_load
  File "<frozen importlib._bootstrap>", line 1331, in _find_and_load_unlocked
  File "<frozen importlib._bootstrap>", line 935, in _load_unlocked
  File "<frozen importlib._bootstrap_external>", line 1026, in exec_module
  File "<frozen importlib._bootstrap>", line 488, in _call_with_frames_removed
  File "C:\Users\thoutaa\Downloads\Databases Final Project\SlideChat\venv\Lib\site-packages\transformers\models\perceiver\image_processing_perceiver.py", line 17, in <module>
    from torchvision.transforms.v2 import functional as tvF
ModuleNotFoundError: No module named 'torchvision'
Accessing `__path__` from `.models.perceiver.image_processing_pil_perceiver`. Returning `__path__` instead. Behavior may be different and this alias will be removed in future versions.
Accessing `__path__` from `.models.perception_lm.image_processing_perception_lm`. Returning `__path__` instead. Behavior may be different and this alias will be removed in future versions.
2026-04-18 15:59:56.072 Examining the path of transformers.models.perception_lm.image_processing_perception_lm_fast raised:
Traceback (most recent call last):
  File "C:\Users\thoutaa\Downloads\Databases Final Project\SlideChat\venv\Lib\site-packages\streamlit\watcher\local_sources_watcher.py", line 281, in get_module_paths
    potential_paths = extract_paths(module)
  File "C:\Users\thoutaa\Downloads\Databases Final Project\SlideChat\venv\Lib\site-packages\streamlit\watcher\local_sources_watcher.py", line 268, in <lambda>
    if hasattr(m, "__path__")
       ~~~~~~~^^^^^^^^^^^^^^^
  File "C:\Users\thoutaa\Downloads\Databases Final Project\SlideChat\venv\Lib\site-packages\transformers\__init__.py", line 843, in _getattr
    return getattr(importlib.import_module(target, __name__), new_name)
                   ~~~~~~~~~~~~~~~~~~~~~~~^^^^^^^^^^^^^^^^^^
  File "C:\Users\thoutaa\AppData\Local\Programs\Python\Python313\Lib\importlib\__init__.py", line 88, in import_module
    return _bootstrap._gcd_import(name[level:], package, level)
           ~~~~~~~~~~~~~~~~~~~~~~^^^^^^^^^^^^^^^^^^^^^^^^^^^^^^
  File "<frozen importlib._bootstrap>", line 1387, in _gcd_import
  File "<frozen importlib._bootstrap>", line 1360, in _find_and_load
  File "<frozen importlib._bootstrap>", line 1331, in _find_and_load_unlocked
  File "<frozen importlib._bootstrap>", line 935, in _load_unlocked
  File "<frozen importlib._bootstrap_external>", line 1026, in exec_module
  File "<frozen importlib._bootstrap>", line 488, in _call_with_frames_removed
  File "C:\Users\thoutaa\Downloads\Databases Final Project\SlideChat\venv\Lib\site-packages\transformers\models\perception_lm\image_processing_perception_lm.py", line 19, in <module>
    from torchvision.transforms.v2 import functional as tvF
ModuleNotFoundError: No module named 'torchvision'
Accessing `__path__` from `.models.phi4_multimodal.image_processing_phi4_multimodal`. Returning `__path__` instead. Behavior may be different and this alias will be removed in future versions.
2026-04-18 15:59:56.076 Examining the path of transformers.models.phi4_multimodal.image_processing_phi4_multimodal_fast raised:
Traceback (most recent call last):
  File "C:\Users\thoutaa\Downloads\Databases Final Project\SlideChat\venv\Lib\site-packages\streamlit\watcher\local_sources_watcher.py", line 281, in get_module_paths
    potential_paths = extract_paths(module)
  File "C:\Users\thoutaa\Downloads\Databases Final Project\SlideChat\venv\Lib\site-packages\streamlit\watcher\local_sources_watcher.py", line 268, in <lambda>
    if hasattr(m, "__path__")
       ~~~~~~~^^^^^^^^^^^^^^^
  File "C:\Users\thoutaa\Downloads\Databases Final Project\SlideChat\venv\Lib\site-packages\transformers\__init__.py", line 843, in _getattr
    return getattr(importlib.import_module(target, __name__), new_name)
                   ~~~~~~~~~~~~~~~~~~~~~~~^^^^^^^^^^^^^^^^^^
  File "C:\Users\thoutaa\AppData\Local\Programs\Python\Python313\Lib\importlib\__init__.py", line 88, in import_module
    return _bootstrap._gcd_import(name[level:], package, level)
           ~~~~~~~~~~~~~~~~~~~~~~^^^^^^^^^^^^^^^^^^^^^^^^^^^^^^
  File "<frozen importlib._bootstrap>", line 1387, in _gcd_import
  File "<frozen importlib._bootstrap>", line 1360, in _find_and_load
  File "<frozen importlib._bootstrap>", line 1331, in _find_and_load_unlocked
  File "<frozen importlib._bootstrap>", line 935, in _load_unlocked
  File "<frozen importlib._bootstrap_external>", line 1026, in exec_module
  File "<frozen importlib._bootstrap>", line 488, in _call_with_frames_removed
  File "C:\Users\thoutaa\Downloads\Databases Final Project\SlideChat\venv\Lib\site-packages\transformers\models\phi4_multimodal\image_processing_phi4_multimodal.py", line 19, in <module>
    from torchvision.transforms.v2 import functional as tvF
ModuleNotFoundError: No module named 'torchvision'
Accessing `__path__` from `.models.pi0.image_processing_pi0`. Returning `__path__` instead. Behavior may be different and this alias will be removed in future versions.
Accessing `__path__` from `.models.pix2struct.image_processing_pil_pix2struct`. Returning `__path__` instead. Behavior may be different and this alias will be removed in future versions.
Accessing `__path__` from `.models.pix2struct.image_processing_pix2struct`. Returning `__path__` instead. Behavior may be different and this alias will be removed in future versions.
2026-04-18 15:59:56.081 Examining the path of transformers.models.pix2struct.image_processing_pix2struct_fast raised:
Traceback (most recent call last):
  File "C:\Users\thoutaa\Downloads\Databases Final Project\SlideChat\venv\Lib\site-packages\streamlit\watcher\local_sources_watcher.py", line 281, in get_module_paths
    potential_paths = extract_paths(module)
  File "C:\Users\thoutaa\Downloads\Databases Final Project\SlideChat\venv\Lib\site-packages\streamlit\watcher\local_sources_watcher.py", line 268, in <lambda>
    if hasattr(m, "__path__")
       ~~~~~~~^^^^^^^^^^^^^^^
  File "C:\Users\thoutaa\Downloads\Databases Final Project\SlideChat\venv\Lib\site-packages\transformers\__init__.py", line 843, in _getattr
    return getattr(importlib.import_module(target, __name__), new_name)
                   ~~~~~~~~~~~~~~~~~~~~~~~^^^^^^^^^^^^^^^^^^
  File "C:\Users\thoutaa\AppData\Local\Programs\Python\Python313\Lib\importlib\__init__.py", line 88, in import_module
    return _bootstrap._gcd_import(name[level:], package, level)
           ~~~~~~~~~~~~~~~~~~~~~~^^^^^^^^^^^^^^^^^^^^^^^^^^^^^^
  File "<frozen importlib._bootstrap>", line 1387, in _gcd_import
  File "<frozen importlib._bootstrap>", line 1360, in _find_and_load
  File "<frozen importlib._bootstrap>", line 1331, in _find_and_load_unlocked
  File "<frozen importlib._bootstrap>", line 935, in _load_unlocked
  File "<frozen importlib._bootstrap_external>", line 1026, in exec_module
  File "<frozen importlib._bootstrap>", line 488, in _call_with_frames_removed
  File "C:\Users\thoutaa\Downloads\Databases Final Project\SlideChat\venv\Lib\site-packages\transformers\models\pix2struct\image_processing_pix2struct.py", line 21, in <module>
    import torchvision.transforms.v2.functional as tvF
ModuleNotFoundError: No module named 'torchvision'
Accessing `__path__` from `.models.pixtral.image_processing_pil_pixtral`. Returning `__path__` instead. Behavior may be different and this alias will be removed in future versions.
Accessing `__path__` from `.models.pixtral.image_processing_pixtral`. Returning `__path__` instead. Behavior may be different and this alias will be removed in future versions.
2026-04-18 15:59:56.086 Examining the path of transformers.models.pixtral.image_processing_pixtral_fast raised:
Traceback (most recent call last):
  File "C:\Users\thoutaa\Downloads\Databases Final Project\SlideChat\venv\Lib\site-packages\streamlit\watcher\local_sources_watcher.py", line 281, in get_module_paths
    potential_paths = extract_paths(module)
  File "C:\Users\thoutaa\Downloads\Databases Final Project\SlideChat\venv\Lib\site-packages\streamlit\watcher\local_sources_watcher.py", line 268, in <lambda>
    if hasattr(m, "__path__")
       ~~~~~~~^^^^^^^^^^^^^^^
  File "C:\Users\thoutaa\Downloads\Databases Final Project\SlideChat\venv\Lib\site-packages\transformers\__init__.py", line 843, in _getattr
    return getattr(importlib.import_module(target, __name__), new_name)
                   ~~~~~~~~~~~~~~~~~~~~~~~^^^^^^^^^^^^^^^^^^
  File "C:\Users\thoutaa\AppData\Local\Programs\Python\Python313\Lib\importlib\__init__.py", line 88, in import_module
    return _bootstrap._gcd_import(name[level:], package, level)
           ~~~~~~~~~~~~~~~~~~~~~~^^^^^^^^^^^^^^^^^^^^^^^^^^^^^^
  File "<frozen importlib._bootstrap>", line 1387, in _gcd_import
  File "<frozen importlib._bootstrap>", line 1360, in _find_and_load
  File "<frozen importlib._bootstrap>", line 1331, in _find_and_load_unlocked
  File "<frozen importlib._bootstrap>", line 935, in _load_unlocked
  File "<frozen importlib._bootstrap_external>", line 1026, in exec_module
  File "<frozen importlib._bootstrap>", line 488, in _call_with_frames_removed
  File "C:\Users\thoutaa\Downloads\Databases Final Project\SlideChat\venv\Lib\site-packages\transformers\models\pixtral\image_processing_pixtral.py", line 19, in <module>
    from torchvision.transforms.v2 import functional as tvF
ModuleNotFoundError: No module named 'torchvision'
Accessing `__path__` from `.models.poolformer.image_processing_pil_poolformer`. Returning `__path__` instead. Behavior may be different and this alias will be removed in future versions.
Accessing `__path__` from `.models.poolformer.image_processing_poolformer`. Returning `__path__` instead. Behavior may be different and this alias will be removed in future versions.
2026-04-18 15:59:56.092 Examining the path of transformers.models.poolformer.image_processing_poolformer_fast raised:
Traceback (most recent call last):
  File "C:\Users\thoutaa\Downloads\Databases Final Project\SlideChat\venv\Lib\site-packages\streamlit\watcher\local_sources_watcher.py", line 281, in get_module_paths
    potential_paths = extract_paths(module)
  File "C:\Users\thoutaa\Downloads\Databases Final Project\SlideChat\venv\Lib\site-packages\streamlit\watcher\local_sources_watcher.py", line 268, in <lambda>
    if hasattr(m, "__path__")
       ~~~~~~~^^^^^^^^^^^^^^^
  File "C:\Users\thoutaa\Downloads\Databases Final Project\SlideChat\venv\Lib\site-packages\transformers\__init__.py", line 843, in _getattr
    return getattr(importlib.import_module(target, __name__), new_name)
                   ~~~~~~~~~~~~~~~~~~~~~~~^^^^^^^^^^^^^^^^^^
  File "C:\Users\thoutaa\AppData\Local\Programs\Python\Python313\Lib\importlib\__init__.py", line 88, in import_module
    return _bootstrap._gcd_import(name[level:], package, level)
           ~~~~~~~~~~~~~~~~~~~~~~^^^^^^^^^^^^^^^^^^^^^^^^^^^^^^
  File "<frozen importlib._bootstrap>", line 1387, in _gcd_import
  File "<frozen importlib._bootstrap>", line 1360, in _find_and_load
  File "<frozen importlib._bootstrap>", line 1331, in _find_and_load_unlocked
  File "<frozen importlib._bootstrap>", line 935, in _load_unlocked
  File "<frozen importlib._bootstrap_external>", line 1026, in exec_module
  File "<frozen importlib._bootstrap>", line 488, in _call_with_frames_removed
  File "C:\Users\thoutaa\Downloads\Databases Final Project\SlideChat\venv\Lib\site-packages\transformers\models\poolformer\image_processing_poolformer.py", line 17, in <module>
    from torchvision.transforms.v2 import functional as tvF
ModuleNotFoundError: No module named 'torchvision'
Accessing `__path__` from `.models.pp_chart2table.image_processing_pil_pp_chart2table`. Returning `__path__` instead. Behavior may be different and this alias will be removed in future versions.
Accessing `__path__` from `.models.pp_chart2table.image_processing_pp_chart2table`. Returning `__path__` instead. Behavior may be different and this alias will be removed in future versions.
Accessing `__path__` from `.models.pp_doclayout_v2.image_processing_pp_doclayout_v2`. Returning `__path__` instead. Behavior may be different and this alias will be removed in future versions.
2026-04-18 15:59:56.097 Examining the path of transformers.models.pp_doclayout_v2.image_processing_pp_doclayout_v2_fast raised:
Traceback (most recent call last):
  File "C:\Users\thoutaa\Downloads\Databases Final Project\SlideChat\venv\Lib\site-packages\streamlit\watcher\local_sources_watcher.py", line 281, in get_module_paths
    potential_paths = extract_paths(module)
  File "C:\Users\thoutaa\Downloads\Databases Final Project\SlideChat\venv\Lib\site-packages\streamlit\watcher\local_sources_watcher.py", line 268, in <lambda>
    if hasattr(m, "__path__")
       ~~~~~~~^^^^^^^^^^^^^^^
  File "C:\Users\thoutaa\Downloads\Databases Final Project\SlideChat\venv\Lib\site-packages\transformers\__init__.py", line 843, in _getattr
    return getattr(importlib.import_module(target, __name__), new_name)
                   ~~~~~~~~~~~~~~~~~~~~~~~^^^^^^^^^^^^^^^^^^
  File "C:\Users\thoutaa\AppData\Local\Programs\Python\Python313\Lib\importlib\__init__.py", line 88, in import_module
    return _bootstrap._gcd_import(name[level:], package, level)
           ~~~~~~~~~~~~~~~~~~~~~~^^^^^^^^^^^^^^^^^^^^^^^^^^^^^^
  File "<frozen importlib._bootstrap>", line 1387, in _gcd_import
  File "<frozen importlib._bootstrap>", line 1360, in _find_and_load
  File "<frozen importlib._bootstrap>", line 1331, in _find_and_load_unlocked
  File "<frozen importlib._bootstrap>", line 935, in _load_unlocked
  File "<frozen importlib._bootstrap_external>", line 1026, in exec_module
  File "<frozen importlib._bootstrap>", line 488, in _call_with_frames_removed
  File "C:\Users\thoutaa\Downloads\Databases Final Project\SlideChat\venv\Lib\site-packages\transformers\models\pp_doclayout_v2\image_processing_pp_doclayout_v2.py", line 23, in <module>
    from torchvision.transforms.v2 import functional as tvF
ModuleNotFoundError: No module named 'torchvision'
Accessing `__path__` from `.models.pp_doclayout_v3.image_processing_pp_doclayout_v3`. Returning `__path__` instead. Behavior may be different and this alias will be removed in future versions.
2026-04-18 15:59:56.102 Examining the path of transformers.models.pp_doclayout_v3.image_processing_pp_doclayout_v3_fast raised:
Traceback (most recent call last):
  File "C:\Users\thoutaa\Downloads\Databases Final Project\SlideChat\venv\Lib\site-packages\streamlit\watcher\local_sources_watcher.py", line 281, in get_module_paths
    potential_paths = extract_paths(module)
  File "C:\Users\thoutaa\Downloads\Databases Final Project\SlideChat\venv\Lib\site-packages\streamlit\watcher\local_sources_watcher.py", line 268, in <lambda>
    if hasattr(m, "__path__")
       ~~~~~~~^^^^^^^^^^^^^^^
  File "C:\Users\thoutaa\Downloads\Databases Final Project\SlideChat\venv\Lib\site-packages\transformers\__init__.py", line 843, in _getattr
    return getattr(importlib.import_module(target, __name__), new_name)
                   ~~~~~~~~~~~~~~~~~~~~~~~^^^^^^^^^^^^^^^^^^
  File "C:\Users\thoutaa\AppData\Local\Programs\Python\Python313\Lib\importlib\__init__.py", line 88, in import_module
    return _bootstrap._gcd_import(name[level:], package, level)
           ~~~~~~~~~~~~~~~~~~~~~~^^^^^^^^^^^^^^^^^^^^^^^^^^^^^^
  File "<frozen importlib._bootstrap>", line 1387, in _gcd_import
  File "<frozen importlib._bootstrap>", line 1360, in _find_and_load
  File "<frozen importlib._bootstrap>", line 1331, in _find_and_load_unlocked
  File "<frozen importlib._bootstrap>", line 935, in _load_unlocked
  File "<frozen importlib._bootstrap_external>", line 1026, in exec_module
  File "<frozen importlib._bootstrap>", line 488, in _call_with_frames_removed
  File "C:\Users\thoutaa\Downloads\Databases Final Project\SlideChat\venv\Lib\site-packages\transformers\models\pp_doclayout_v3\image_processing_pp_doclayout_v3.py", line 24, in <module>
    from torchvision.transforms.v2 import functional as tvF
ModuleNotFoundError: No module named 'torchvision'
Accessing `__path__` from `.models.pp_lcnet.image_processing_pp_lcnet`. Returning `__path__` instead. Behavior may be different and this alias will be removed in future versions.
2026-04-18 15:59:56.108 Examining the path of transformers.models.pp_lcnet.image_processing_pp_lcnet_fast raised:
Traceback (most recent call last):
  File "C:\Users\thoutaa\Downloads\Databases Final Project\SlideChat\venv\Lib\site-packages\streamlit\watcher\local_sources_watcher.py", line 281, in get_module_paths
    potential_paths = extract_paths(module)
  File "C:\Users\thoutaa\Downloads\Databases Final Project\SlideChat\venv\Lib\site-packages\streamlit\watcher\local_sources_watcher.py", line 268, in <lambda>
    if hasattr(m, "__path__")
       ~~~~~~~^^^^^^^^^^^^^^^
  File "C:\Users\thoutaa\Downloads\Databases Final Project\SlideChat\venv\Lib\site-packages\transformers\__init__.py", line 843, in _getattr
    return getattr(importlib.import_module(target, __name__), new_name)
                   ~~~~~~~~~~~~~~~~~~~~~~~^^^^^^^^^^^^^^^^^^
  File "C:\Users\thoutaa\AppData\Local\Programs\Python\Python313\Lib\importlib\__init__.py", line 88, in import_module
    return _bootstrap._gcd_import(name[level:], package, level)
           ~~~~~~~~~~~~~~~~~~~~~~^^^^^^^^^^^^^^^^^^^^^^^^^^^^^^
  File "<frozen importlib._bootstrap>", line 1387, in _gcd_import
  File "<frozen importlib._bootstrap>", line 1360, in _find_and_load
  File "<frozen importlib._bootstrap>", line 1331, in _find_and_load_unlocked
  File "<frozen importlib._bootstrap>", line 935, in _load_unlocked
  File "<frozen importlib._bootstrap_external>", line 1026, in exec_module
  File "<frozen importlib._bootstrap>", line 488, in _call_with_frames_removed
  File "C:\Users\thoutaa\Downloads\Databases Final Project\SlideChat\venv\Lib\site-packages\transformers\models\pp_lcnet\image_processing_pp_lcnet.py", line 24, in <module>
    import torchvision.transforms.v2.functional as tvF
ModuleNotFoundError: No module named 'torchvision'
Accessing `__path__` from `.models.pp_ocrv5_server_det.image_processing_pp_ocrv5_server_det`. Returning `__path__` instead. Behavior may be different and this alias will be removed in future versions.
2026-04-18 15:59:56.113 Examining the path of transformers.models.pp_ocrv5_server_det.image_processing_pp_ocrv5_server_det_fast raised:
Traceback (most recent call last):
  File "C:\Users\thoutaa\Downloads\Databases Final Project\SlideChat\venv\Lib\site-packages\streamlit\watcher\local_sources_watcher.py", line 281, in get_module_paths
    potential_paths = extract_paths(module)
  File "C:\Users\thoutaa\Downloads\Databases Final Project\SlideChat\venv\Lib\site-packages\streamlit\watcher\local_sources_watcher.py", line 268, in <lambda>
    if hasattr(m, "__path__")
       ~~~~~~~^^^^^^^^^^^^^^^
  File "C:\Users\thoutaa\Downloads\Databases Final Project\SlideChat\venv\Lib\site-packages\transformers\__init__.py", line 843, in _getattr
    return getattr(importlib.import_module(target, __name__), new_name)
                   ~~~~~~~~~~~~~~~~~~~~~~~^^^^^^^^^^^^^^^^^^
  File "C:\Users\thoutaa\AppData\Local\Programs\Python\Python313\Lib\importlib\__init__.py", line 88, in import_module
    return _bootstrap._gcd_import(name[level:], package, level)
           ~~~~~~~~~~~~~~~~~~~~~~^^^^^^^^^^^^^^^^^^^^^^^^^^^^^^
  File "<frozen importlib._bootstrap>", line 1387, in _gcd_import
  File "<frozen importlib._bootstrap>", line 1360, in _find_and_load
  File "<frozen importlib._bootstrap>", line 1331, in _find_and_load_unlocked
  File "<frozen importlib._bootstrap>", line 935, in _load_unlocked
  File "<frozen importlib._bootstrap_external>", line 1026, in exec_module
  File "<frozen importlib._bootstrap>", line 488, in _call_with_frames_removed
  File "C:\Users\thoutaa\Downloads\Databases Final Project\SlideChat\venv\Lib\site-packages\transformers\models\pp_ocrv5_server_det\image_processing_pp_ocrv5_server_det.py", line 25, in <module>
    import torchvision.transforms.v2.functional as tvF
ModuleNotFoundError: No module named 'torchvision'
Accessing `__path__` from `.models.pp_ocrv5_server_rec.image_processing_pp_ocrv5_server_rec`. Returning `__path__` instead. Behavior may be different and this alias will be removed in future versions.
2026-04-18 15:59:56.117 Examining the path of transformers.models.pp_ocrv5_server_rec.image_processing_pp_ocrv5_server_rec_fast raised:     
Traceback (most recent call last):
  File "C:\Users\thoutaa\Downloads\Databases Final Project\SlideChat\venv\Lib\site-packages\streamlit\watcher\local_sources_watcher.py", line 281, in get_module_paths
    potential_paths = extract_paths(module)
  File "C:\Users\thoutaa\Downloads\Databases Final Project\SlideChat\venv\Lib\site-packages\streamlit\watcher\local_sources_watcher.py", line 268, in <lambda>
    if hasattr(m, "__path__")
       ~~~~~~~^^^^^^^^^^^^^^^
  File "C:\Users\thoutaa\Downloads\Databases Final Project\SlideChat\venv\Lib\site-packages\transformers\__init__.py", line 843, in _getattr
    return getattr(importlib.import_module(target, __name__), new_name)
                   ~~~~~~~~~~~~~~~~~~~~~~~^^^^^^^^^^^^^^^^^^
  File "C:\Users\thoutaa\AppData\Local\Programs\Python\Python313\Lib\importlib\__init__.py", line 88, in import_module
    return _bootstrap._gcd_import(name[level:], package, level)
           ~~~~~~~~~~~~~~~~~~~~~~^^^^^^^^^^^^^^^^^^^^^^^^^^^^^^
  File "<frozen importlib._bootstrap>", line 1387, in _gcd_import
  File "<frozen importlib._bootstrap>", line 1360, in _find_and_load
  File "<frozen importlib._bootstrap>", line 1331, in _find_and_load_unlocked
  File "<frozen importlib._bootstrap>", line 935, in _load_unlocked
  File "<frozen importlib._bootstrap_external>", line 1026, in exec_module
  File "<frozen importlib._bootstrap>", line 488, in _call_with_frames_removed
  File "C:\Users\thoutaa\Downloads\Databases Final Project\SlideChat\venv\Lib\site-packages\transformers\models\pp_ocrv5_server_rec\image_processing_pp_ocrv5_server_rec.py", line 24, in <module>
    import torchvision.transforms.v2.functional as tvF
ModuleNotFoundError: No module named 'torchvision'
Accessing `__path__` from `.models.prompt_depth_anything.image_processing_pil_prompt_depth_anything`. Returning `__path__` instead. Behavior may be different and this alias will be removed in future versions.
Accessing `__path__` from `.models.prompt_depth_anything.image_processing_prompt_depth_anything`. Returning `__path__` instead. Behavior may be different and this alias will be removed in future versions.
2026-04-18 15:59:56.125 Examining the path of transformers.models.prompt_depth_anything.image_processing_prompt_depth_anything_fast raised: 
Traceback (most recent call last):
  File "C:\Users\thoutaa\Downloads\Databases Final Project\SlideChat\venv\Lib\site-packages\streamlit\watcher\local_sources_watcher.py", line 281, in get_module_paths
    potential_paths = extract_paths(module)
  File "C:\Users\thoutaa\Downloads\Databases Final Project\SlideChat\venv\Lib\site-packages\streamlit\watcher\local_sources_watcher.py", line 268, in <lambda>
    if hasattr(m, "__path__")
       ~~~~~~~^^^^^^^^^^^^^^^
  File "C:\Users\thoutaa\Downloads\Databases Final Project\SlideChat\venv\Lib\site-packages\transformers\__init__.py", line 843, in _getattr
    return getattr(importlib.import_module(target, __name__), new_name)
                   ~~~~~~~~~~~~~~~~~~~~~~~^^^^^^^^^^^^^^^^^^
  File "C:\Users\thoutaa\AppData\Local\Programs\Python\Python313\Lib\importlib\__init__.py", line 88, in import_module
    return _bootstrap._gcd_import(name[level:], package, level)
           ~~~~~~~~~~~~~~~~~~~~~~^^^^^^^^^^^^^^^^^^^^^^^^^^^^^^
  File "<frozen importlib._bootstrap>", line 1387, in _gcd_import
  File "<frozen importlib._bootstrap>", line 1360, in _find_and_load
  File "<frozen importlib._bootstrap>", line 1331, in _find_and_load_unlocked
  File "<frozen importlib._bootstrap>", line 935, in _load_unlocked
  File "<frozen importlib._bootstrap_external>", line 1026, in exec_module
  File "<frozen importlib._bootstrap>", line 488, in _call_with_frames_removed
  File "C:\Users\thoutaa\Downloads\Databases Final Project\SlideChat\venv\Lib\site-packages\transformers\models\prompt_depth_anything\image_processing_prompt_depth_anything.py", line 42, in <module>
    from torchvision.transforms.v2 import functional as tvF
ModuleNotFoundError: No module named 'torchvision'
Accessing `__path__` from `.models.pvt.image_processing_pil_pvt`. Returning `__path__` instead. Behavior may be different and this alias will be removed in future versions.
Accessing `__path__` from `.models.pvt.image_processing_pvt`. Returning `__path__` instead. Behavior may be different and this alias will be removed in future versions.
Accessing `__path__` from `.models.qwen2_vl.image_processing_pil_qwen2_vl`. Returning `__path__` instead. Behavior may be different and this alias will be removed in future versions.
Accessing `__path__` from `.models.qwen2_vl.image_processing_qwen2_vl`. Returning `__path__` instead. Behavior may be different and this alias will be removed in future versions.
2026-04-18 15:59:56.130 Examining the path of transformers.models.qwen2_vl.image_processing_qwen2_vl_fast raised:
Traceback (most recent call last):
  File "C:\Users\thoutaa\Downloads\Databases Final Project\SlideChat\venv\Lib\site-packages\streamlit\watcher\local_sources_watcher.py", line 281, in get_module_paths
    potential_paths = extract_paths(module)
  File "C:\Users\thoutaa\Downloads\Databases Final Project\SlideChat\venv\Lib\site-packages\streamlit\watcher\local_sources_watcher.py", line 268, in <lambda>
    if hasattr(m, "__path__")
       ~~~~~~~^^^^^^^^^^^^^^^
  File "C:\Users\thoutaa\Downloads\Databases Final Project\SlideChat\venv\Lib\site-packages\transformers\__init__.py", line 843, in _getattr
    return getattr(importlib.import_module(target, __name__), new_name)
                   ~~~~~~~~~~~~~~~~~~~~~~~^^^^^^^^^^^^^^^^^^
  File "C:\Users\thoutaa\AppData\Local\Programs\Python\Python313\Lib\importlib\__init__.py", line 88, in import_module
    return _bootstrap._gcd_import(name[level:], package, level)
           ~~~~~~~~~~~~~~~~~~~~~~^^^^^^^^^^^^^^^^^^^^^^^^^^^^^^
  File "<frozen importlib._bootstrap>", line 1387, in _gcd_import
  File "<frozen importlib._bootstrap>", line 1360, in _find_and_load
  File "<frozen importlib._bootstrap>", line 1331, in _find_and_load_unlocked
  File "<frozen importlib._bootstrap>", line 935, in _load_unlocked
  File "<frozen importlib._bootstrap_external>", line 1026, in exec_module
  File "<frozen importlib._bootstrap>", line 488, in _call_with_frames_removed
  File "C:\Users\thoutaa\Downloads\Databases Final Project\SlideChat\venv\Lib\site-packages\transformers\models\qwen2_vl\image_processing_qwen2_vl.py", line 25, in <module>
    from torchvision.transforms.v2 import functional as tvF
ModuleNotFoundError: No module named 'torchvision'
Accessing `__path__` from `.models.rt_detr.image_processing_pil_rt_detr`. Returning `__path__` instead. Behavior may be different and this alias will be removed in future versions.
Accessing `__path__` from `.models.rt_detr.image_processing_rt_detr`. Returning `__path__` instead. Behavior may be different and this alias will be removed in future versions.
2026-04-18 15:59:56.135 Examining the path of transformers.models.rt_detr.image_processing_rt_detr_fast raised:
Traceback (most recent call last):
  File "C:\Users\thoutaa\Downloads\Databases Final Project\SlideChat\venv\Lib\site-packages\streamlit\watcher\local_sources_watcher.py", line 281, in get_module_paths
    potential_paths = extract_paths(module)
  File "C:\Users\thoutaa\Downloads\Databases Final Project\SlideChat\venv\Lib\site-packages\streamlit\watcher\local_sources_watcher.py", line 268, in <lambda>
    if hasattr(m, "__path__")
       ~~~~~~~^^^^^^^^^^^^^^^
  File "C:\Users\thoutaa\Downloads\Databases Final Project\SlideChat\venv\Lib\site-packages\transformers\__init__.py", line 843, in _getattr
    return getattr(importlib.import_module(target, __name__), new_name)
                   ~~~~~~~~~~~~~~~~~~~~~~~^^^^^^^^^^^^^^^^^^
  File "C:\Users\thoutaa\AppData\Local\Programs\Python\Python313\Lib\importlib\__init__.py", line 88, in import_module
    return _bootstrap._gcd_import(name[level:], package, level)
           ~~~~~~~~~~~~~~~~~~~~~~^^^^^^^^^^^^^^^^^^^^^^^^^^^^^^
  File "<frozen importlib._bootstrap>", line 1387, in _gcd_import
  File "<frozen importlib._bootstrap>", line 1360, in _find_and_load
  File "<frozen importlib._bootstrap>", line 1331, in _find_and_load_unlocked
  File "<frozen importlib._bootstrap>", line 935, in _load_unlocked
  File "<frozen importlib._bootstrap_external>", line 1026, in exec_module
  File "<frozen importlib._bootstrap>", line 488, in _call_with_frames_removed
  File "C:\Users\thoutaa\Downloads\Databases Final Project\SlideChat\venv\Lib\site-packages\transformers\models\rt_detr\image_processing_rt_detr.py", line 24, in <module>
    from torchvision.transforms.v2 import functional as tvF
ModuleNotFoundError: No module named 'torchvision'
Accessing `__path__` from `.models.sam.image_processing_pil_sam`. Returning `__path__` instead. Behavior may be different and this alias will be removed in future versions.
Accessing `__path__` from `.models.sam.image_processing_sam`. Returning `__path__` instead. Behavior may be different and this alias will be removed in future versions.
2026-04-18 15:59:56.142 Examining the path of transformers.models.sam.image_processing_sam_fast raised:
Traceback (most recent call last):
  File "C:\Users\thoutaa\Downloads\Databases Final Project\SlideChat\venv\Lib\site-packages\streamlit\watcher\local_sources_watcher.py", line 281, in get_module_paths
    potential_paths = extract_paths(module)
  File "C:\Users\thoutaa\Downloads\Databases Final Project\SlideChat\venv\Lib\site-packages\streamlit\watcher\local_sources_watcher.py", line 268, in <lambda>
    if hasattr(m, "__path__")
       ~~~~~~~^^^^^^^^^^^^^^^
  File "C:\Users\thoutaa\Downloads\Databases Final Project\SlideChat\venv\Lib\site-packages\transformers\__init__.py", line 843, in _getattr
    return getattr(importlib.import_module(target, __name__), new_name)
                   ~~~~~~~~~~~~~~~~~~~~~~~^^^^^^^^^^^^^^^^^^
  File "C:\Users\thoutaa\AppData\Local\Programs\Python\Python313\Lib\importlib\__init__.py", line 88, in import_module
    return _bootstrap._gcd_import(name[level:], package, level)
           ~~~~~~~~~~~~~~~~~~~~~~^^^^^^^^^^^^^^^^^^^^^^^^^^^^^^
  File "<frozen importlib._bootstrap>", line 1387, in _gcd_import
  File "<frozen importlib._bootstrap>", line 1360, in _find_and_load
  File "<frozen importlib._bootstrap>", line 1331, in _find_and_load_unlocked
  File "<frozen importlib._bootstrap>", line 935, in _load_unlocked
  File "<frozen importlib._bootstrap_external>", line 1026, in exec_module
  File "<frozen importlib._bootstrap>", line 488, in _call_with_frames_removed
  File "C:\Users\thoutaa\Downloads\Databases Final Project\SlideChat\venv\Lib\site-packages\transformers\models\sam\image_processing_sam.py", line 25, in <module>
    from torchvision.ops.boxes import batched_nms
ModuleNotFoundError: No module named 'torchvision'
Accessing `__path__` from `.models.sam2.image_processing_sam2`. Returning `__path__` instead. Behavior may be different and this alias will be removed in future versions.
2026-04-18 15:59:56.147 Examining the path of transformers.models.sam2.image_processing_sam2_fast raised:
Traceback (most recent call last):
  File "C:\Users\thoutaa\Downloads\Databases Final Project\SlideChat\venv\Lib\site-packages\streamlit\watcher\local_sources_watcher.py", line 281, in get_module_paths
    potential_paths = extract_paths(module)
  File "C:\Users\thoutaa\Downloads\Databases Final Project\SlideChat\venv\Lib\site-packages\streamlit\watcher\local_sources_watcher.py", line 268, in <lambda>
    if hasattr(m, "__path__")
       ~~~~~~~^^^^^^^^^^^^^^^
  File "C:\Users\thoutaa\Downloads\Databases Final Project\SlideChat\venv\Lib\site-packages\transformers\__init__.py", line 843, in _getattr
    return getattr(importlib.import_module(target, __name__), new_name)
                   ~~~~~~~~~~~~~~~~~~~~~~~^^^^^^^^^^^^^^^^^^
  File "C:\Users\thoutaa\AppData\Local\Programs\Python\Python313\Lib\importlib\__init__.py", line 88, in import_module
    return _bootstrap._gcd_import(name[level:], package, level)
           ~~~~~~~~~~~~~~~~~~~~~~^^^^^^^^^^^^^^^^^^^^^^^^^^^^^^
  File "<frozen importlib._bootstrap>", line 1387, in _gcd_import
  File "<frozen importlib._bootstrap>", line 1360, in _find_and_load
  File "<frozen importlib._bootstrap>", line 1331, in _find_and_load_unlocked
  File "<frozen importlib._bootstrap>", line 935, in _load_unlocked
  File "<frozen importlib._bootstrap_external>", line 1026, in exec_module
  File "<frozen importlib._bootstrap>", line 488, in _call_with_frames_removed
  File "C:\Users\thoutaa\Downloads\Databases Final Project\SlideChat\venv\Lib\site-packages\transformers\models\sam2\image_processing_sam2.py", line 28, in <module>
    from torchvision.ops.boxes import batched_nms
ModuleNotFoundError: No module named 'torchvision'
Accessing `__path__` from `.models.sam3.image_processing_sam3`. Returning `__path__` instead. Behavior may be different and this alias will be removed in future versions.
2026-04-18 15:59:56.153 Examining the path of transformers.models.sam3.image_processing_sam3_fast raised:
Traceback (most recent call last):
  File "C:\Users\thoutaa\Downloads\Databases Final Project\SlideChat\venv\Lib\site-packages\streamlit\watcher\local_sources_watcher.py", line 281, in get_module_paths
    potential_paths = extract_paths(module)
  File "C:\Users\thoutaa\Downloads\Databases Final Project\SlideChat\venv\Lib\site-packages\streamlit\watcher\local_sources_watcher.py", line 268, in <lambda>
    if hasattr(m, "__path__")
       ~~~~~~~^^^^^^^^^^^^^^^
  File "C:\Users\thoutaa\Downloads\Databases Final Project\SlideChat\venv\Lib\site-packages\transformers\__init__.py", line 843, in _getattr
    return getattr(importlib.import_module(target, __name__), new_name)
                   ~~~~~~~~~~~~~~~~~~~~~~~^^^^^^^^^^^^^^^^^^
  File "C:\Users\thoutaa\AppData\Local\Programs\Python\Python313\Lib\importlib\__init__.py", line 88, in import_module
    return _bootstrap._gcd_import(name[level:], package, level)
           ~~~~~~~~~~~~~~~~~~~~~~^^^^^^^^^^^^^^^^^^^^^^^^^^^^^^
  File "<frozen importlib._bootstrap>", line 1387, in _gcd_import
  File "<frozen importlib._bootstrap>", line 1360, in _find_and_load
  File "<frozen importlib._bootstrap>", line 1331, in _find_and_load_unlocked
  File "<frozen importlib._bootstrap>", line 935, in _load_unlocked
  File "<frozen importlib._bootstrap_external>", line 1026, in exec_module
  File "<frozen importlib._bootstrap>", line 488, in _call_with_frames_removed
  File "C:\Users\thoutaa\Downloads\Databases Final Project\SlideChat\venv\Lib\site-packages\transformers\models\sam3\image_processing_sam3.py", line 30, in <module>
    from torchvision.ops.boxes import batched_nms
ModuleNotFoundError: No module named 'torchvision'
Accessing `__path__` from `.models.segformer.image_processing_pil_segformer`. Returning `__path__` instead. Behavior may be different and this alias will be removed in future versions.
Accessing `__path__` from `.models.segformer.image_processing_segformer`. Returning `__path__` instead. Behavior may be different and this alias will be removed in future versions.
2026-04-18 15:59:56.158 Examining the path of transformers.models.segformer.image_processing_segformer_fast raised:
Traceback (most recent call last):
  File "C:\Users\thoutaa\Downloads\Databases Final Project\SlideChat\venv\Lib\site-packages\streamlit\watcher\local_sources_watcher.py", line 281, in get_module_paths
    potential_paths = extract_paths(module)
  File "C:\Users\thoutaa\Downloads\Databases Final Project\SlideChat\venv\Lib\site-packages\streamlit\watcher\local_sources_watcher.py", line 268, in <lambda>
    if hasattr(m, "__path__")
       ~~~~~~~^^^^^^^^^^^^^^^
  File "C:\Users\thoutaa\Downloads\Databases Final Project\SlideChat\venv\Lib\site-packages\transformers\__init__.py", line 843, in _getattr
    return getattr(importlib.import_module(target, __name__), new_name)
                   ~~~~~~~~~~~~~~~~~~~~~~~^^^^^^^^^^^^^^^^^^
  File "C:\Users\thoutaa\AppData\Local\Programs\Python\Python313\Lib\importlib\__init__.py", line 88, in import_module
    return _bootstrap._gcd_import(name[level:], package, level)
           ~~~~~~~~~~~~~~~~~~~~~~^^^^^^^^^^^^^^^^^^^^^^^^^^^^^^
  File "<frozen importlib._bootstrap>", line 1387, in _gcd_import
  File "<frozen importlib._bootstrap>", line 1360, in _find_and_load
  File "<frozen importlib._bootstrap>", line 1331, in _find_and_load_unlocked
  File "<frozen importlib._bootstrap>", line 935, in _load_unlocked
  File "<frozen importlib._bootstrap_external>", line 1026, in exec_module
  File "<frozen importlib._bootstrap>", line 488, in _call_with_frames_removed
  File "C:\Users\thoutaa\Downloads\Databases Final Project\SlideChat\venv\Lib\site-packages\transformers\models\segformer\image_processing_segformer.py", line 25, in <module>
    import torchvision.transforms.v2.functional as tvF
ModuleNotFoundError: No module named 'torchvision'
Accessing `__path__` from `.models.seggpt.image_processing_pil_seggpt`. Returning `__path__` instead. Behavior may be different and this alias will be removed in future versions.
Accessing `__path__` from `.models.seggpt.image_processing_seggpt`. Returning `__path__` instead. Behavior may be different and this alias will be removed in future versions.
2026-04-18 15:59:56.164 Examining the path of transformers.models.seggpt.image_processing_seggpt_fast raised:
Traceback (most recent call last):
  File "C:\Users\thoutaa\Downloads\Databases Final Project\SlideChat\venv\Lib\site-packages\streamlit\watcher\local_sources_watcher.py", line 281, in get_module_paths
    potential_paths = extract_paths(module)
  File "C:\Users\thoutaa\Downloads\Databases Final Project\SlideChat\venv\Lib\site-packages\streamlit\watcher\local_sources_watcher.py", line 268, in <lambda>
    if hasattr(m, "__path__")
       ~~~~~~~^^^^^^^^^^^^^^^
  File "C:\Users\thoutaa\Downloads\Databases Final Project\SlideChat\venv\Lib\site-packages\transformers\__init__.py", line 843, in _getattr
    return getattr(importlib.import_module(target, __name__), new_name)
                   ~~~~~~~~~~~~~~~~~~~~~~~^^^^^^^^^^^^^^^^^^
  File "C:\Users\thoutaa\AppData\Local\Programs\Python\Python313\Lib\importlib\__init__.py", line 88, in import_module
    return _bootstrap._gcd_import(name[level:], package, level)
           ~~~~~~~~~~~~~~~~~~~~~~^^^^^^^^^^^^^^^^^^^^^^^^^^^^^^
  File "<frozen importlib._bootstrap>", line 1387, in _gcd_import
  File "<frozen importlib._bootstrap>", line 1360, in _find_and_load
  File "<frozen importlib._bootstrap>", line 1331, in _find_and_load_unlocked
  File "<frozen importlib._bootstrap>", line 935, in _load_unlocked
  File "<frozen importlib._bootstrap_external>", line 1026, in exec_module
  File "<frozen importlib._bootstrap>", line 488, in _call_with_frames_removed
  File "C:\Users\thoutaa\Downloads\Databases Final Project\SlideChat\venv\Lib\site-packages\transformers\models\seggpt\image_processing_seggpt.py", line 20, in <module>
    from torchvision.transforms.v2 import functional as tvF
ModuleNotFoundError: No module named 'torchvision'
Accessing `__path__` from `.models.siglip.image_processing_pil_siglip`. Returning `__path__` instead. Behavior may be different and this alias will be removed in future versions.
Accessing `__path__` from `.models.siglip.image_processing_siglip`. Returning `__path__` instead. Behavior may be different and this alias will be removed in future versions.
Accessing `__path__` from `.models.siglip2.image_processing_pil_siglip2`. Returning `__path__` instead. Behavior may be different and this alias will be removed in future versions.
Accessing `__path__` from `.models.siglip2.image_processing_siglip2`. Returning `__path__` instead. Behavior may be different and this alias will be removed in future versions.
2026-04-18 15:59:56.169 Examining the path of transformers.models.siglip2.image_processing_siglip2_fast raised:
Traceback (most recent call last):
  File "C:\Users\thoutaa\Downloads\Databases Final Project\SlideChat\venv\Lib\site-packages\streamlit\watcher\local_sources_watcher.py", line 281, in get_module_paths
    potential_paths = extract_paths(module)
  File "C:\Users\thoutaa\Downloads\Databases Final Project\SlideChat\venv\Lib\site-packages\streamlit\watcher\local_sources_watcher.py", line 268, in <lambda>
    if hasattr(m, "__path__")
       ~~~~~~~^^^^^^^^^^^^^^^
  File "C:\Users\thoutaa\Downloads\Databases Final Project\SlideChat\venv\Lib\site-packages\transformers\__init__.py", line 843, in _getattr
    return getattr(importlib.import_module(target, __name__), new_name)
                   ~~~~~~~~~~~~~~~~~~~~~~~^^^^^^^^^^^^^^^^^^
  File "C:\Users\thoutaa\AppData\Local\Programs\Python\Python313\Lib\importlib\__init__.py", line 88, in import_module
    return _bootstrap._gcd_import(name[level:], package, level)
           ~~~~~~~~~~~~~~~~~~~~~~^^^^^^^^^^^^^^^^^^^^^^^^^^^^^^
  File "<frozen importlib._bootstrap>", line 1387, in _gcd_import
  File "<frozen importlib._bootstrap>", line 1360, in _find_and_load
  File "<frozen importlib._bootstrap>", line 1331, in _find_and_load_unlocked
  File "<frozen importlib._bootstrap>", line 935, in _load_unlocked
  File "<frozen importlib._bootstrap_external>", line 1026, in exec_module
  File "<frozen importlib._bootstrap>", line 488, in _call_with_frames_removed
  File "C:\Users\thoutaa\Downloads\Databases Final Project\SlideChat\venv\Lib\site-packages\transformers\models\siglip2\image_processing_siglip2.py", line 17, in <module>
    from torchvision.transforms.v2 import functional as tvF
ModuleNotFoundError: No module named 'torchvision'
Accessing `__path__` from `.models.slanext.image_processing_slanext`. Returning `__path__` instead. Behavior may be different and this alias will be removed in future versions.
2026-04-18 15:59:56.175 Examining the path of transformers.models.slanext.image_processing_slanext_fast raised:
Traceback (most recent call last):
  File "C:\Users\thoutaa\Downloads\Databases Final Project\SlideChat\venv\Lib\site-packages\streamlit\watcher\local_sources_watcher.py", line 281, in get_module_paths
    potential_paths = extract_paths(module)
  File "C:\Users\thoutaa\Downloads\Databases Final Project\SlideChat\venv\Lib\site-packages\streamlit\watcher\local_sources_watcher.py", line 268, in <lambda>
    if hasattr(m, "__path__")
       ~~~~~~~^^^^^^^^^^^^^^^
  File "C:\Users\thoutaa\Downloads\Databases Final Project\SlideChat\venv\Lib\site-packages\transformers\__init__.py", line 843, in _getattr
    return getattr(importlib.import_module(target, __name__), new_name)
                   ~~~~~~~~~~~~~~~~~~~~~~~^^^^^^^^^^^^^^^^^^
  File "C:\Users\thoutaa\AppData\Local\Programs\Python\Python313\Lib\importlib\__init__.py", line 88, in import_module
    return _bootstrap._gcd_import(name[level:], package, level)
           ~~~~~~~~~~~~~~~~~~~~~~^^^^^^^^^^^^^^^^^^^^^^^^^^^^^^
  File "<frozen importlib._bootstrap>", line 1387, in _gcd_import
  File "<frozen importlib._bootstrap>", line 1360, in _find_and_load
  File "<frozen importlib._bootstrap>", line 1331, in _find_and_load_unlocked
  File "<frozen importlib._bootstrap>", line 935, in _load_unlocked
  File "<frozen importlib._bootstrap_external>", line 1026, in exec_module
  File "<frozen importlib._bootstrap>", line 488, in _call_with_frames_removed
  File "C:\Users\thoutaa\Downloads\Databases Final Project\SlideChat\venv\Lib\site-packages\transformers\models\slanext\image_processing_slanext.py", line 23, in <module>
    import torchvision.transforms.v2.functional as tvF
ModuleNotFoundError: No module named 'torchvision'
Accessing `__path__` from `.models.smolvlm.image_processing_pil_smolvlm`. Returning `__path__` instead. Behavior may be different and this alias will be removed in future versions.
Accessing `__path__` from `.models.smolvlm.image_processing_smolvlm`. Returning `__path__` instead. Behavior may be different and this alias will be removed in future versions.
2026-04-18 15:59:56.180 Examining the path of transformers.models.smolvlm.image_processing_smolvlm_fast raised:
Traceback (most recent call last):
  File "C:\Users\thoutaa\Downloads\Databases Final Project\SlideChat\venv\Lib\site-packages\streamlit\watcher\local_sources_watcher.py", line 281, in get_module_paths
    potential_paths = extract_paths(module)
  File "C:\Users\thoutaa\Downloads\Databases Final Project\SlideChat\venv\Lib\site-packages\streamlit\watcher\local_sources_watcher.py", line 268, in <lambda>
    if hasattr(m, "__path__")
       ~~~~~~~^^^^^^^^^^^^^^^
  File "C:\Users\thoutaa\Downloads\Databases Final Project\SlideChat\venv\Lib\site-packages\transformers\__init__.py", line 843, in _getattr
    return getattr(importlib.import_module(target, __name__), new_name)
                   ~~~~~~~~~~~~~~~~~~~~~~~^^^^^^^^^^^^^^^^^^
  File "C:\Users\thoutaa\AppData\Local\Programs\Python\Python313\Lib\importlib\__init__.py", line 88, in import_module
    return _bootstrap._gcd_import(name[level:], package, level)
           ~~~~~~~~~~~~~~~~~~~~~~^^^^^^^^^^^^^^^^^^^^^^^^^^^^^^
  File "<frozen importlib._bootstrap>", line 1387, in _gcd_import
  File "<frozen importlib._bootstrap>", line 1360, in _find_and_load
  File "<frozen importlib._bootstrap>", line 1331, in _find_and_load_unlocked
  File "<frozen importlib._bootstrap>", line 935, in _load_unlocked
  File "<frozen importlib._bootstrap_external>", line 1026, in exec_module
  File "<frozen importlib._bootstrap>", line 488, in _call_with_frames_removed
  File "C:\Users\thoutaa\Downloads\Databases Final Project\SlideChat\venv\Lib\site-packages\transformers\models\smolvlm\image_processing_smolvlm.py", line 27, in <module>
    from torchvision.transforms.v2 import functional as tvF
ModuleNotFoundError: No module named 'torchvision'
Accessing `__path__` from `.models.superglue.image_processing_pil_superglue`. Returning `__path__` instead. Behavior may be different and this alias will be removed in future versions.
Accessing `__path__` from `.models.superglue.image_processing_superglue`. Returning `__path__` instead. Behavior may be different and this alias will be removed in future versions.
2026-04-18 15:59:56.184 Examining the path of transformers.models.superglue.image_processing_superglue_fast raised:
Traceback (most recent call last):
  File "C:\Users\thoutaa\Downloads\Databases Final Project\SlideChat\venv\Lib\site-packages\streamlit\watcher\local_sources_watcher.py", line 281, in get_module_paths
    potential_paths = extract_paths(module)
  File "C:\Users\thoutaa\Downloads\Databases Final Project\SlideChat\venv\Lib\site-packages\streamlit\watcher\local_sources_watcher.py", line 268, in <lambda>
    if hasattr(m, "__path__")
       ~~~~~~~^^^^^^^^^^^^^^^
  File "C:\Users\thoutaa\Downloads\Databases Final Project\SlideChat\venv\Lib\site-packages\transformers\__init__.py", line 843, in _getattr
    return getattr(importlib.import_module(target, __name__), new_name)
                   ~~~~~~~~~~~~~~~~~~~~~~~^^^^^^^^^^^^^^^^^^
  File "C:\Users\thoutaa\AppData\Local\Programs\Python\Python313\Lib\importlib\__init__.py", line 88, in import_module
    return _bootstrap._gcd_import(name[level:], package, level)
           ~~~~~~~~~~~~~~~~~~~~~~^^^^^^^^^^^^^^^^^^^^^^^^^^^^^^
  File "<frozen importlib._bootstrap>", line 1387, in _gcd_import
  File "<frozen importlib._bootstrap>", line 1360, in _find_and_load
  File "<frozen importlib._bootstrap>", line 1331, in _find_and_load_unlocked
  File "<frozen importlib._bootstrap>", line 935, in _load_unlocked
  File "<frozen importlib._bootstrap_external>", line 1026, in exec_module
  File "<frozen importlib._bootstrap>", line 488, in _call_with_frames_removed
  File "C:\Users\thoutaa\Downloads\Databases Final Project\SlideChat\venv\Lib\site-packages\transformers\models\superglue\image_processing_superglue.py", line 47, in <module>
    from torchvision.transforms.v2 import functional as tvF
ModuleNotFoundError: No module named 'torchvision'
Accessing `__path__` from `.models.superpoint.image_processing_pil_superpoint`. Returning `__path__` instead. Behavior may be different and this alias will be removed in future versions.
Accessing `__path__` from `.models.superpoint.image_processing_superpoint`. Returning `__path__` instead. Behavior may be different and this alias will be removed in future versions.
2026-04-18 15:59:56.189 Examining the path of transformers.models.superpoint.image_processing_superpoint_fast raised:
Traceback (most recent call last):
  File "C:\Users\thoutaa\Downloads\Databases Final Project\SlideChat\venv\Lib\site-packages\streamlit\watcher\local_sources_watcher.py", line 281, in get_module_paths
    potential_paths = extract_paths(module)
  File "C:\Users\thoutaa\Downloads\Databases Final Project\SlideChat\venv\Lib\site-packages\streamlit\watcher\local_sources_watcher.py", line 268, in <lambda>
    if hasattr(m, "__path__")
       ~~~~~~~^^^^^^^^^^^^^^^
  File "C:\Users\thoutaa\Downloads\Databases Final Project\SlideChat\venv\Lib\site-packages\transformers\__init__.py", line 843, in _getattr
    return getattr(importlib.import_module(target, __name__), new_name)
                   ~~~~~~~~~~~~~~~~~~~~~~~^^^^^^^^^^^^^^^^^^
  File "C:\Users\thoutaa\AppData\Local\Programs\Python\Python313\Lib\importlib\__init__.py", line 88, in import_module
    return _bootstrap._gcd_import(name[level:], package, level)
           ~~~~~~~~~~~~~~~~~~~~~~^^^^^^^^^^^^^^^^^^^^^^^^^^^^^^
  File "<frozen importlib._bootstrap>", line 1387, in _gcd_import
  File "<frozen importlib._bootstrap>", line 1360, in _find_and_load
  File "<frozen importlib._bootstrap>", line 1331, in _find_and_load_unlocked
  File "<frozen importlib._bootstrap>", line 935, in _load_unlocked
  File "<frozen importlib._bootstrap_external>", line 1026, in exec_module
  File "<frozen importlib._bootstrap>", line 488, in _call_with_frames_removed
  File "C:\Users\thoutaa\Downloads\Databases Final Project\SlideChat\venv\Lib\site-packages\transformers\models\superpoint\image_processing_superpoint.py", line 31, in <module>
    from torchvision.transforms.v2 import functional as tvF
ModuleNotFoundError: No module named 'torchvision'
Accessing `__path__` from `.models.swin2sr.image_processing_pil_swin2sr`. Returning `__path__` instead. Behavior may be different and this alias will be removed in future versions.
Accessing `__path__` from `.models.swin2sr.image_processing_swin2sr`. Returning `__path__` instead. Behavior may be different and this alias will be removed in future versions.
2026-04-18 15:59:56.193 Examining the path of transformers.models.swin2sr.image_processing_swin2sr_fast raised:
Traceback (most recent call last):
  File "C:\Users\thoutaa\Downloads\Databases Final Project\SlideChat\venv\Lib\site-packages\streamlit\watcher\local_sources_watcher.py", line 281, in get_module_paths
    potential_paths = extract_paths(module)
  File "C:\Users\thoutaa\Downloads\Databases Final Project\SlideChat\venv\Lib\site-packages\streamlit\watcher\local_sources_watcher.py", line 268, in <lambda>
    if hasattr(m, "__path__")
       ~~~~~~~^^^^^^^^^^^^^^^
  File "C:\Users\thoutaa\Downloads\Databases Final Project\SlideChat\venv\Lib\site-packages\transformers\__init__.py", line 843, in _getattr
    return getattr(importlib.import_module(target, __name__), new_name)
                   ~~~~~~~~~~~~~~~~~~~~~~~^^^^^^^^^^^^^^^^^^
  File "C:\Users\thoutaa\AppData\Local\Programs\Python\Python313\Lib\importlib\__init__.py", line 88, in import_module
    return _bootstrap._gcd_import(name[level:], package, level)
           ~~~~~~~~~~~~~~~~~~~~~~^^^^^^^^^^^^^^^^^^^^^^^^^^^^^^
  File "<frozen importlib._bootstrap>", line 1387, in _gcd_import
  File "<frozen importlib._bootstrap>", line 1360, in _find_and_load
  File "<frozen importlib._bootstrap>", line 1331, in _find_and_load_unlocked
  File "<frozen importlib._bootstrap>", line 935, in _load_unlocked
  File "<frozen importlib._bootstrap_external>", line 1026, in exec_module
  File "<frozen importlib._bootstrap>", line 488, in _call_with_frames_removed
  File "C:\Users\thoutaa\Downloads\Databases Final Project\SlideChat\venv\Lib\site-packages\transformers\models\swin2sr\image_processing_swin2sr.py", line 17, in <module>
    from torchvision.transforms.v2 import functional as tvF
ModuleNotFoundError: No module named 'torchvision'
Accessing `__path__` from `.models.textnet.image_processing_pil_textnet`. Returning `__path__` instead. Behavior may be different and this alias will be removed in future versions.
Accessing `__path__` from `.models.textnet.image_processing_textnet`. Returning `__path__` instead. Behavior may be different and this alias will be removed in future versions.
2026-04-18 15:59:56.198 Examining the path of transformers.models.textnet.image_processing_textnet_fast raised:
Traceback (most recent call last):
  File "C:\Users\thoutaa\Downloads\Databases Final Project\SlideChat\venv\Lib\site-packages\streamlit\watcher\local_sources_watcher.py", line 281, in get_module_paths
    potential_paths = extract_paths(module)
  File "C:\Users\thoutaa\Downloads\Databases Final Project\SlideChat\venv\Lib\site-packages\streamlit\watcher\local_sources_watcher.py", line 268, in <lambda>
    if hasattr(m, "__path__")
       ~~~~~~~^^^^^^^^^^^^^^^
  File "C:\Users\thoutaa\Downloads\Databases Final Project\SlideChat\venv\Lib\site-packages\transformers\__init__.py", line 843, in _getattr
    return getattr(importlib.import_module(target, __name__), new_name)
                   ~~~~~~~~~~~~~~~~~~~~~~~^^^^^^^^^^^^^^^^^^
  File "C:\Users\thoutaa\AppData\Local\Programs\Python\Python313\Lib\importlib\__init__.py", line 88, in import_module
    return _bootstrap._gcd_import(name[level:], package, level)
           ~~~~~~~~~~~~~~~~~~~~~~^^^^^^^^^^^^^^^^^^^^^^^^^^^^^^
  File "<frozen importlib._bootstrap>", line 1387, in _gcd_import
  File "<frozen importlib._bootstrap>", line 1360, in _find_and_load
  File "<frozen importlib._bootstrap>", line 1331, in _find_and_load_unlocked
  File "<frozen importlib._bootstrap>", line 935, in _load_unlocked
  File "<frozen importlib._bootstrap_external>", line 1026, in exec_module
  File "<frozen importlib._bootstrap>", line 488, in _call_with_frames_removed
  File "C:\Users\thoutaa\Downloads\Databases Final Project\SlideChat\venv\Lib\site-packages\transformers\models\textnet\image_processing_textnet.py", line 17, in <module>
    from torchvision.transforms.v2 import functional as tvF
ModuleNotFoundError: No module named 'torchvision'
Accessing `__path__` from `.models.timm_wrapper.image_processing_timm_wrapper`. Returning `__path__` instead. Behavior may be different and this alias will be removed in future versions.
Accessing `__path__` from `.models.tvp.image_processing_pil_tvp`. Returning `__path__` instead. Behavior may be different and this alias will be removed in future versions.
Accessing `__path__` from `.models.tvp.image_processing_tvp`. Returning `__path__` instead. Behavior may be different and this alias will be removed in future versions.
2026-04-18 15:59:56.202 Examining the path of transformers.models.tvp.image_processing_tvp_fast raised:
Traceback (most recent call last):
  File "C:\Users\thoutaa\Downloads\Databases Final Project\SlideChat\venv\Lib\site-packages\streamlit\watcher\local_sources_watcher.py", line 281, in get_module_paths
    potential_paths = extract_paths(module)
  File "C:\Users\thoutaa\Downloads\Databases Final Project\SlideChat\venv\Lib\site-packages\streamlit\watcher\local_sources_watcher.py", line 268, in <lambda>
    if hasattr(m, "__path__")
       ~~~~~~~^^^^^^^^^^^^^^^
  File "C:\Users\thoutaa\Downloads\Databases Final Project\SlideChat\venv\Lib\site-packages\transformers\__init__.py", line 843, in _getattr
    return getattr(importlib.import_module(target, __name__), new_name)
                   ~~~~~~~~~~~~~~~~~~~~~~~^^^^^^^^^^^^^^^^^^
  File "C:\Users\thoutaa\AppData\Local\Programs\Python\Python313\Lib\importlib\__init__.py", line 88, in import_module
    return _bootstrap._gcd_import(name[level:], package, level)
           ~~~~~~~~~~~~~~~~~~~~~~^^^^^^^^^^^^^^^^^^^^^^^^^^^^^^
  File "<frozen importlib._bootstrap>", line 1387, in _gcd_import
  File "<frozen importlib._bootstrap>", line 1360, in _find_and_load
  File "<frozen importlib._bootstrap>", line 1331, in _find_and_load_unlocked
  File "<frozen importlib._bootstrap>", line 935, in _load_unlocked
  File "<frozen importlib._bootstrap_external>", line 1026, in exec_module
  File "<frozen importlib._bootstrap>", line 488, in _call_with_frames_removed
  File "C:\Users\thoutaa\Downloads\Databases Final Project\SlideChat\venv\Lib\site-packages\transformers\models\tvp\image_processing_tvp.py", line 17, in <module>
    from torchvision.transforms.v2 import functional as tvF
ModuleNotFoundError: No module named 'torchvision'
Accessing `__path__` from `.models.uvdoc.image_processing_uvdoc`. Returning `__path__` instead. Behavior may be different and this alias will be removed in future versions.
Accessing `__path__` from `.models.video_llama_3.image_processing_pil_video_llama_3`. Returning `__path__` instead. Behavior may be different and this alias will be removed in future versions.
Accessing `__path__` from `.models.video_llama_3.image_processing_video_llama_3`. Returning `__path__` instead. Behavior may be different and this alias will be removed in future versions.
Accessing `__path__` from `.models.video_llava.image_processing_video_llava`. Returning `__path__` instead. Behavior may be different and this alias will be removed in future versions.
Accessing `__path__` from `.models.videomae.image_processing_pil_videomae`. Returning `__path__` instead. Behavior may be different and this alias will be removed in future versions.
Accessing `__path__` from `.models.videomae.image_processing_videomae`. Returning `__path__` instead. Behavior may be different and this alias will be removed in future versions.
2026-04-18 15:59:56.208 Examining the path of transformers.models.videomae.image_processing_videomae_fast raised:
Traceback (most recent call last):
  File "C:\Users\thoutaa\Downloads\Databases Final Project\SlideChat\venv\Lib\site-packages\streamlit\watcher\local_sources_watcher.py", line 281, in get_module_paths
    potential_paths = extract_paths(module)
  File "C:\Users\thoutaa\Downloads\Databases Final Project\SlideChat\venv\Lib\site-packages\streamlit\watcher\local_sources_watcher.py", line 268, in <lambda>
    if hasattr(m, "__path__")
       ~~~~~~~^^^^^^^^^^^^^^^
  File "C:\Users\thoutaa\Downloads\Databases Final Project\SlideChat\venv\Lib\site-packages\transformers\__init__.py", line 843, in _getattr
    return getattr(importlib.import_module(target, __name__), new_name)
                   ~~~~~~~~~~~~~~~~~~~~~~~^^^^^^^^^^^^^^^^^^
  File "C:\Users\thoutaa\AppData\Local\Programs\Python\Python313\Lib\importlib\__init__.py", line 88, in import_module
    return _bootstrap._gcd_import(name[level:], package, level)
           ~~~~~~~~~~~~~~~~~~~~~~^^^^^^^^^^^^^^^^^^^^^^^^^^^^^^
  File "<frozen importlib._bootstrap>", line 1387, in _gcd_import
  File "<frozen importlib._bootstrap>", line 1360, in _find_and_load
  File "<frozen importlib._bootstrap>", line 1331, in _find_and_load_unlocked
  File "<frozen importlib._bootstrap>", line 935, in _load_unlocked
  File "<frozen importlib._bootstrap_external>", line 1026, in exec_module
  File "<frozen importlib._bootstrap>", line 488, in _call_with_frames_removed
  File "C:\Users\thoutaa\Downloads\Databases Final Project\SlideChat\venv\Lib\site-packages\transformers\models\videomae\image_processing_videomae.py", line 17, in <module>
    from torchvision.transforms.v2 import functional as tvF
ModuleNotFoundError: No module named 'torchvision'
Accessing `__path__` from `.models.vilt.image_processing_pil_vilt`. Returning `__path__` instead. Behavior may be different and this alias will be removed in future versions.
Accessing `__path__` from `.models.vilt.image_processing_vilt`. Returning `__path__` instead. Behavior may be different and this alias will be removed in future versions.
2026-04-18 15:59:56.212 Examining the path of transformers.models.vilt.image_processing_vilt_fast raised:
Traceback (most recent call last):
  File "C:\Users\thoutaa\Downloads\Databases Final Project\SlideChat\venv\Lib\site-packages\streamlit\watcher\local_sources_watcher.py", line 281, in get_module_paths
    potential_paths = extract_paths(module)
  File "C:\Users\thoutaa\Downloads\Databases Final Project\SlideChat\venv\Lib\site-packages\streamlit\watcher\local_sources_watcher.py", line 268, in <lambda>
    if hasattr(m, "__path__")
       ~~~~~~~^^^^^^^^^^^^^^^
  File "C:\Users\thoutaa\Downloads\Databases Final Project\SlideChat\venv\Lib\site-packages\transformers\__init__.py", line 843, in _getattr
    return getattr(importlib.import_module(target, __name__), new_name)
                   ~~~~~~~~~~~~~~~~~~~~~~~^^^^^^^^^^^^^^^^^^
  File "C:\Users\thoutaa\AppData\Local\Programs\Python\Python313\Lib\importlib\__init__.py", line 88, in import_module
    return _bootstrap._gcd_import(name[level:], package, level)
           ~~~~~~~~~~~~~~~~~~~~~~^^^^^^^^^^^^^^^^^^^^^^^^^^^^^^
  File "<frozen importlib._bootstrap>", line 1387, in _gcd_import
  File "<frozen importlib._bootstrap>", line 1360, in _find_and_load
  File "<frozen importlib._bootstrap>", line 1331, in _find_and_load_unlocked
  File "<frozen importlib._bootstrap>", line 935, in _load_unlocked
  File "<frozen importlib._bootstrap_external>", line 1026, in exec_module
  File "<frozen importlib._bootstrap>", line 488, in _call_with_frames_removed
  File "C:\Users\thoutaa\Downloads\Databases Final Project\SlideChat\venv\Lib\site-packages\transformers\models\vilt\image_processing_vilt.py", line 17, in <module>
    from torchvision.transforms.v2 import functional as tvF
ModuleNotFoundError: No module named 'torchvision'
Accessing `__path__` from `.models.vit.image_processing_pil_vit`. Returning `__path__` instead. Behavior may be different and this alias will be removed in future versions.
Accessing `__path__` from `.models.vit.image_processing_vit`. Returning `__path__` instead. Behavior may be different and this alias will be removed in future versions.
Accessing `__path__` from `.models.vitmatte.image_processing_pil_vitmatte`. Returning `__path__` instead. Behavior may be different and this alias will be removed in future versions.
Accessing `__path__` from `.models.vitmatte.image_processing_vitmatte`. Returning `__path__` instead. Behavior may be different and this alias will be removed in future versions.
2026-04-18 15:59:56.219 Examining the path of transformers.models.vitmatte.image_processing_vitmatte_fast raised:
Traceback (most recent call last):
  File "C:\Users\thoutaa\Downloads\Databases Final Project\SlideChat\venv\Lib\site-packages\streamlit\watcher\local_sources_watcher.py", line 281, in get_module_paths
    potential_paths = extract_paths(module)
  File "C:\Users\thoutaa\Downloads\Databases Final Project\SlideChat\venv\Lib\site-packages\streamlit\watcher\local_sources_watcher.py", line 268, in <lambda>
    if hasattr(m, "__path__")
       ~~~~~~~^^^^^^^^^^^^^^^
  File "C:\Users\thoutaa\Downloads\Databases Final Project\SlideChat\venv\Lib\site-packages\transformers\__init__.py", line 843, in _getattr
    return getattr(importlib.import_module(target, __name__), new_name)
                   ~~~~~~~~~~~~~~~~~~~~~~~^^^^^^^^^^^^^^^^^^
  File "C:\Users\thoutaa\AppData\Local\Programs\Python\Python313\Lib\importlib\__init__.py", line 88, in import_module
    return _bootstrap._gcd_import(name[level:], package, level)
           ~~~~~~~~~~~~~~~~~~~~~~^^^^^^^^^^^^^^^^^^^^^^^^^^^^^^
  File "<frozen importlib._bootstrap>", line 1387, in _gcd_import
  File "<frozen importlib._bootstrap>", line 1360, in _find_and_load
  File "<frozen importlib._bootstrap>", line 1331, in _find_and_load_unlocked
  File "<frozen importlib._bootstrap>", line 935, in _load_unlocked
  File "<frozen importlib._bootstrap_external>", line 1026, in exec_module
  File "<frozen importlib._bootstrap>", line 488, in _call_with_frames_removed
  File "C:\Users\thoutaa\Downloads\Databases Final Project\SlideChat\venv\Lib\site-packages\transformers\models\vitmatte\image_processing_vitmatte.py", line 19, in <module>
    from torchvision.transforms.v2 import functional as tvF
ModuleNotFoundError: No module named 'torchvision'
Accessing `__path__` from `.models.vitpose.image_processing_pil_vitpose`. Returning `__path__` instead. Behavior may be different and this alias will be removed in future versions.
Accessing `__path__` from `.models.vitpose.image_processing_vitpose`. Returning `__path__` instead. Behavior may be different and this alias will be removed in future versions.
2026-04-18 15:59:56.225 Examining the path of transformers.models.vitpose.image_processing_vitpose_fast raised:
Traceback (most recent call last):
  File "C:\Users\thoutaa\Downloads\Databases Final Project\SlideChat\venv\Lib\site-packages\streamlit\watcher\local_sources_watcher.py", line 281, in get_module_paths
    potential_paths = extract_paths(module)
  File "C:\Users\thoutaa\Downloads\Databases Final Project\SlideChat\venv\Lib\site-packages\streamlit\watcher\local_sources_watcher.py", line 268, in <lambda>
    if hasattr(m, "__path__")
       ~~~~~~~^^^^^^^^^^^^^^^
  File "C:\Users\thoutaa\Downloads\Databases Final Project\SlideChat\venv\Lib\site-packages\transformers\__init__.py", line 843, in _getattr
    return getattr(importlib.import_module(target, __name__), new_name)
                   ~~~~~~~~~~~~~~~~~~~~~~~^^^^^^^^^^^^^^^^^^
  File "C:\Users\thoutaa\AppData\Local\Programs\Python\Python313\Lib\importlib\__init__.py", line 88, in import_module
    return _bootstrap._gcd_import(name[level:], package, level)
           ~~~~~~~~~~~~~~~~~~~~~~^^^^^^^^^^^^^^^^^^^^^^^^^^^^^^
  File "<frozen importlib._bootstrap>", line 1387, in _gcd_import
  File "<frozen importlib._bootstrap>", line 1360, in _find_and_load
  File "<frozen importlib._bootstrap>", line 1331, in _find_and_load_unlocked
  File "<frozen importlib._bootstrap>", line 935, in _load_unlocked
  File "<frozen importlib._bootstrap_external>", line 1026, in exec_module
  File "<frozen importlib._bootstrap>", line 488, in _call_with_frames_removed
  File "C:\Users\thoutaa\Downloads\Databases Final Project\SlideChat\venv\Lib\site-packages\transformers\models\vitpose\image_processing_vitpose.py", line 22, in <module>
    from torchvision.transforms.v2 import functional as tvF
ModuleNotFoundError: No module named 'torchvision'
Accessing `__path__` from `.models.vivit.image_processing_vivit`. Returning `__path__` instead. Behavior may be different and this alias will be removed in future versions.
Accessing `__path__` from `.models.yolos.image_processing_pil_yolos`. Returning `__path__` instead. Behavior may be different and this alias will be removed in future versions.
Accessing `__path__` from `.models.yolos.image_processing_yolos`. Returning `__path__` instead. Behavior may be different and this alias will be removed in future versions.
2026-04-18 15:59:56.232 Examining the path of transformers.models.yolos.image_processing_yolos_fast raised:
Traceback (most recent call last):
  File "C:\Users\thoutaa\Downloads\Databases Final Project\SlideChat\venv\Lib\site-packages\streamlit\watcher\local_sources_watcher.py", line 281, in get_module_paths
    potential_paths = extract_paths(module)
  File "C:\Users\thoutaa\Downloads\Databases Final Project\SlideChat\venv\Lib\site-packages\streamlit\watcher\local_sources_watcher.py", line 268, in <lambda>
    if hasattr(m, "__path__")
       ~~~~~~~^^^^^^^^^^^^^^^
  File "C:\Users\thoutaa\Downloads\Databases Final Project\SlideChat\venv\Lib\site-packages\transformers\__init__.py", line 843, in _getattr
    return getattr(importlib.import_module(target, __name__), new_name)
                   ~~~~~~~~~~~~~~~~~~~~~~~^^^^^^^^^^^^^^^^^^
  File "C:\Users\thoutaa\AppData\Local\Programs\Python\Python313\Lib\importlib\__init__.py", line 88, in import_module
    return _bootstrap._gcd_import(name[level:], package, level)
           ~~~~~~~~~~~~~~~~~~~~~~^^^^^^^^^^^^^^^^^^^^^^^^^^^^^^
  File "<frozen importlib._bootstrap>", line 1387, in _gcd_import
  File "<frozen importlib._bootstrap>", line 1360, in _find_and_load
  File "<frozen importlib._bootstrap>", line 1331, in _find_and_load_unlocked
  File "<frozen importlib._bootstrap>", line 935, in _load_unlocked
  File "<frozen importlib._bootstrap_external>", line 1026, in exec_module
  File "<frozen importlib._bootstrap>", line 488, in _call_with_frames_removed
  File "C:\Users\thoutaa\Downloads\Databases Final Project\SlideChat\venv\Lib\site-packages\transformers\models\yolos\image_processing_yolos.py", line 12, in <module>
    from torchvision.io import read_image
ModuleNotFoundError: No module named 'torchvision'
Accessing `__path__` from `.models.zoedepth.image_processing_pil_zoedepth`. Returning `__path__` instead. Behavior may be different and this alias will be removed in future versions.
Accessing `__path__` from `.models.zoedepth.image_processing_zoedepth`. Returning `__path__` instead. Behavior may be different and this alias will be removed in future versions.
2026-04-18 15:59:56.239 Examining the path of transformers.models.zoedepth.image_processing_zoedepth_fast raised:
Traceback (most recent call last):
  File "C:\Users\thoutaa\Downloads\Databases Final Project\SlideChat\venv\Lib\site-packages\streamlit\watcher\local_sources_watcher.py", line 281, in get_module_paths
    potential_paths = extract_paths(module)
  File "C:\Users\thoutaa\Downloads\Databases Final Project\SlideChat\venv\Lib\site-packages\streamlit\watcher\local_sources_watcher.py", line 268, in <lambda>
    if hasattr(m, "__path__")
       ~~~~~~~^^^^^^^^^^^^^^^
  File "C:\Users\thoutaa\Downloads\Databases Final Project\SlideChat\venv\Lib\site-packages\transformers\__init__.py", line 843, in _getattr
    return getattr(importlib.import_module(target, __name__), new_name)
                   ~~~~~~~~~~~~~~~~~~~~~~~^^^^^^^^^^^^^^^^^^
  File "C:\Users\thoutaa\AppData\Local\Programs\Python\Python313\Lib\importlib\__init__.py", line 88, in import_module
    return _bootstrap._gcd_import(name[level:], package, level)
           ~~~~~~~~~~~~~~~~~~~~~~^^^^^^^^^^^^^^^^^^^^^^^^^^^^^^
  File "<frozen importlib._bootstrap>", line 1387, in _gcd_import
  File "<frozen importlib._bootstrap>", line 1360, in _find_and_load
  File "<frozen importlib._bootstrap>", line 1331, in _find_and_load_unlocked
  File "<frozen importlib._bootstrap>", line 935, in _load_unlocked
  File "<frozen importlib._bootstrap_external>", line 1026, in exec_module
  File "<frozen importlib._bootstrap>", line 488, in _call_with_frames_removed
  File "C:\Users\thoutaa\Downloads\Databases Final Project\SlideChat\venv\Lib\site-packages\transformers\models\zoedepth\image_processing_zoedepth.py", line 43, in <module>
    from torchvision.transforms.v2 import functional as tvF
ModuleNotFoundError: No module named 'torchvision'
